[INFO] Scanning for projects...
[INFO] 
[INFO] --------------------------< ma.ehtp:geoinfo >---------------------------
[INFO] Building GeoInfo 1.0.0
[INFO]   from pom.xml
[INFO] --------------------------------[ jar ]---------------------------------
[INFO] 
[INFO] --- clean:3.3.2:clean (default-clean) @ geoinfo ---
[INFO] Deleting C:\Users\atout\Desktop\3Ageoinfo\backend\target
[INFO] 
[INFO] --- resources:3.3.1:resources (default-resources) @ geoinfo ---
[INFO] Copying 1 resource from src\main\resources to target\classes
[INFO] Copying 1 resource from src\main\resources to target\classes
[INFO] 
[INFO] --- compiler:3.13.0:compile (default-compile) @ geoinfo ---
[INFO] Recompiling the module because of changed source code.
[INFO] Compiling 38 source files with javac [debug parameters release 17] to target\classes
[INFO] -------------------------------------------------------------
[WARNING] COMPILATION WARNING : 
[INFO] -------------------------------------------------------------
[WARNING] /C:/Users/atout/Desktop/3Ageoinfo/backend/src/main/java/ma/ehtp/geoinfo/entity/Professionnel.java:[77,17] deprecated item is not annotated with @Deprecated
[INFO] 1 warning
[INFO] -------------------------------------------------------------
[INFO] -------------------------------------------------------------
[ERROR] COMPILATION ERROR : 
[INFO] -------------------------------------------------------------
[ERROR] /C:/Users/atout/Desktop/3Ageoinfo/backend/src/main/java/ma/ehtp/geoinfo/config/SecurityConfig.java:[37,42] variable userDetailsService not initialized in the default constructor
[ERROR] /C:/Users/atout/Desktop/3Ageoinfo/backend/src/main/java/ma/ehtp/geoinfo/config/SecurityConfig.java:[38,43] variable jwtAuthenticationFilter not initialized in the default constructor
[ERROR] /C:/Users/atout/Desktop/3Ageoinfo/backend/src/main/java/ma/ehtp/geoinfo/security/UserDetailsServiceImpl.java:[36,25] cannot find symbol
  symbol:   method getActif()
  location: variable utilisateur of type ma.ehtp.geoinfo.entity.Utilisateur
[ERROR] /C:/Users/atout/Desktop/3Ageoinfo/backend/src/main/java/ma/ehtp/geoinfo/security/UserDetailsServiceImpl.java:[47,39] cannot find symbol
  symbol:   method getActif()
  location: variable utilisateur of type ma.ehtp.geoinfo.entity.Utilisateur
[ERROR] /C:/Users/atout/Desktop/3Ageoinfo/backend/src/main/java/ma/ehtp/geoinfo/security/UserDetailsServiceImpl.java:[41,38] cannot find symbol
  symbol:   method getEmail()
  location: variable utilisateur of type ma.ehtp.geoinfo.entity.Utilisateur
[ERROR] /C:/Users/atout/Desktop/3Ageoinfo/backend/src/main/java/ma/ehtp/geoinfo/security/UserDetailsServiceImpl.java:[42,38] cannot find symbol
  symbol:   method getMotDePasse()
  location: variable utilisateur of type ma.ehtp.geoinfo.entity.Utilisateur
[ERROR] /C:/Users/atout/Desktop/3Ageoinfo/backend/src/main/java/ma/ehtp/geoinfo/security/UserDetailsServiceImpl.java:[56,65] cannot find symbol
  symbol:   method getRole()
  location: variable utilisateur of type ma.ehtp.geoinfo.entity.Utilisateur
[ERROR] /C:/Users/atout/Desktop/3Ageoinfo/backend/src/main/java/ma/ehtp/geoinfo/security/UserDetailsServiceImpl.java:[69,38] cannot find symbol
  symbol:   method getEmail()
  location: variable utilisateur of type ma.ehtp.geoinfo.entity.Utilisateur
[ERROR] /C:/Users/atout/Desktop/3Ageoinfo/backend/src/main/java/ma/ehtp/geoinfo/security/UserDetailsServiceImpl.java:[70,38] cannot find symbol
  symbol:   method getMotDePasse()
  location: variable utilisateur of type ma.ehtp.geoinfo.entity.Utilisateur
[ERROR] /C:/Users/atout/Desktop/3Ageoinfo/backend/src/main/java/ma/ehtp/geoinfo/security/JwtAuthenticationFilter.java:[57,17] cannot find symbol
  symbol:   variable log
  location: class ma.ehtp.geoinfo.security.JwtAuthenticationFilter
[ERROR] /C:/Users/atout/Desktop/3Ageoinfo/backend/src/main/java/ma/ehtp/geoinfo/security/JwtAuthenticationFilter.java:[60,13] cannot find symbol
  symbol:   variable log
  location: class ma.ehtp.geoinfo.security.JwtAuthenticationFilter
[ERROR] /C:/Users/atout/Desktop/3Ageoinfo/backend/src/main/java/ma/ehtp/geoinfo/security/JwtTokenProvider.java:[50,37] cannot find symbol
  symbol:   method getEmail()
  location: variable utilisateur of type ma.ehtp.geoinfo.entity.Utilisateur
[ERROR] /C:/Users/atout/Desktop/3Ageoinfo/backend/src/main/java/ma/ehtp/geoinfo/security/JwtTokenProvider.java:[51,45] cannot find symbol
  symbol:   method getId()
  location: variable utilisateur of type ma.ehtp.geoinfo.entity.Utilisateur
[ERROR] /C:/Users/atout/Desktop/3Ageoinfo/backend/src/main/java/ma/ehtp/geoinfo/security/JwtTokenProvider.java:[52,43] cannot find symbol
  symbol:   method getRole()
  location: variable utilisateur of type ma.ehtp.geoinfo.entity.Utilisateur
[ERROR] /C:/Users/atout/Desktop/3Ageoinfo/backend/src/main/java/ma/ehtp/geoinfo/security/JwtTokenProvider.java:[53,42] cannot find symbol
  symbol:   method getNom()
  location: variable utilisateur of type ma.ehtp.geoinfo.entity.Utilisateur
[ERROR] /C:/Users/atout/Desktop/3Ageoinfo/backend/src/main/java/ma/ehtp/geoinfo/security/JwtTokenProvider.java:[54,45] cannot find symbol
  symbol:   method getPrenom()
  location: variable utilisateur of type ma.ehtp.geoinfo.entity.Utilisateur
[ERROR] /C:/Users/atout/Desktop/3Ageoinfo/backend/src/main/java/ma/ehtp/geoinfo/security/JwtTokenProvider.java:[111,13] cannot find symbol
  symbol:   variable log
  location: class ma.ehtp.geoinfo.security.JwtTokenProvider
[ERROR] /C:/Users/atout/Desktop/3Ageoinfo/backend/src/main/java/ma/ehtp/geoinfo/security/JwtTokenProvider.java:[113,13] cannot find symbol
  symbol:   variable log
  location: class ma.ehtp.geoinfo.security.JwtTokenProvider
[ERROR] /C:/Users/atout/Desktop/3Ageoinfo/backend/src/main/java/ma/ehtp/geoinfo/security/JwtTokenProvider.java:[115,13] cannot find symbol
  symbol:   variable log
  location: class ma.ehtp.geoinfo.security.JwtTokenProvider
[ERROR] /C:/Users/atout/Desktop/3Ageoinfo/backend/src/main/java/ma/ehtp/geoinfo/security/JwtTokenProvider.java:[117,13] cannot find symbol
  symbol:   variable log
  location: class ma.ehtp.geoinfo.security.JwtTokenProvider
[ERROR] /C:/Users/atout/Desktop/3Ageoinfo/backend/src/main/java/ma/ehtp/geoinfo/security/JwtTokenProvider.java:[119,13] cannot find symbol
  symbol:   variable log
  location: class ma.ehtp.geoinfo.security.JwtTokenProvider
[ERROR] /C:/Users/atout/Desktop/3Ageoinfo/backend/src/main/java/ma/ehtp/geoinfo/controller/AdminController.java:[48,9] cannot find symbol
  symbol:   variable log
  location: class ma.ehtp.geoinfo.controller.AdminController
[ERROR] /C:/Users/atout/Desktop/3Ageoinfo/backend/src/main/java/ma/ehtp/geoinfo/controller/AdminController.java:[61,9] cannot find symbol
  symbol:   variable log
  location: class ma.ehtp.geoinfo.controller.AdminController
[ERROR] /C:/Users/atout/Desktop/3Ageoinfo/backend/src/main/java/ma/ehtp/geoinfo/controller/AdminController.java:[79,9] cannot find symbol
  symbol:   variable log
  location: class ma.ehtp.geoinfo.controller.AdminController
[ERROR] /C:/Users/atout/Desktop/3Ageoinfo/backend/src/main/java/ma/ehtp/geoinfo/controller/AdminController.java:[95,9] cannot find symbol
  symbol:   variable log
  location: class ma.ehtp.geoinfo.controller.AdminController
[ERROR] /C:/Users/atout/Desktop/3Ageoinfo/backend/src/main/java/ma/ehtp/geoinfo/controller/AdminController.java:[108,9] cannot find symbol
  symbol:   variable log
  location: class ma.ehtp.geoinfo.controller.AdminController
[ERROR] /C:/Users/atout/Desktop/3Ageoinfo/backend/src/main/java/ma/ehtp/geoinfo/controller/AdminController.java:[121,9] cannot find symbol
  symbol:   variable log
  location: class ma.ehtp.geoinfo.controller.AdminController
[ERROR] /C:/Users/atout/Desktop/3Ageoinfo/backend/src/main/java/ma/ehtp/geoinfo/controller/AdminController.java:[122,24] cannot find symbol
  symbol:   method getEmail()
  location: variable request of type ma.ehtp.geoinfo.dto.request.ProfessionnelRequest
[ERROR] /C:/Users/atout/Desktop/3Ageoinfo/backend/src/main/java/ma/ehtp/geoinfo/controller/AdminController.java:[122,44] cannot find symbol
  symbol:   method getSecteurAffectate()
  location: variable request of type ma.ehtp.geoinfo.dto.request.ProfessionnelRequest
[ERROR] /C:/Users/atout/Desktop/3Ageoinfo/backend/src/main/java/ma/ehtp/geoinfo/controller/AdminController.java:[122,75] cannot find symbol
  symbol:   method getTypeIncident()
  location: variable request of type ma.ehtp.geoinfo.dto.request.ProfessionnelRequest
[ERROR] /C:/Users/atout/Desktop/3Ageoinfo/backend/src/main/java/ma/ehtp/geoinfo/controller/AdminController.java:[125,56] cannot find symbol
  symbol:   method getEmail()
  location: variable request of type ma.ehtp.geoinfo.dto.request.ProfessionnelRequest
[ERROR] /C:/Users/atout/Desktop/3Ageoinfo/backend/src/main/java/ma/ehtp/geoinfo/controller/AdminController.java:[130,20] cannot find symbol
  symbol:   method getSecteurAffectate()
  location: variable request of type ma.ehtp.geoinfo.dto.request.ProfessionnelRequest
[ERROR] /C:/Users/atout/Desktop/3Ageoinfo/backend/src/main/java/ma/ehtp/geoinfo/controller/AdminController.java:[135,61] cannot find symbol
  symbol:   method getSecteurAffectate()
  location: variable request of type ma.ehtp.geoinfo.dto.request.ProfessionnelRequest
[ERROR] /C:/Users/atout/Desktop/3Ageoinfo/backend/src/main/java/ma/ehtp/geoinfo/controller/AdminController.java:[137,94] cannot find symbol
  symbol:   method getSecteurAffectate()
  location: variable request of type ma.ehtp.geoinfo.dto.request.ProfessionnelRequest
[ERROR] /C:/Users/atout/Desktop/3Ageoinfo/backend/src/main/java/ma/ehtp/geoinfo/controller/AdminController.java:[142,70] cannot find symbol
  symbol:   method getTypeIncident()
  location: variable request of type ma.ehtp.geoinfo.dto.request.ProfessionnelRequest
[ERROR] /C:/Users/atout/Desktop/3Ageoinfo/backend/src/main/java/ma/ehtp/geoinfo/controller/AdminController.java:[144,13] cannot find symbol
  symbol:   variable log
  location: class ma.ehtp.geoinfo.controller.AdminController
[ERROR] /C:/Users/atout/Desktop/3Ageoinfo/backend/src/main/java/ma/ehtp/geoinfo/controller/AdminController.java:[144,62] cannot find symbol
  symbol:   method getTypeIncident()
  location: variable request of type ma.ehtp.geoinfo.dto.request.ProfessionnelRequest
[ERROR] /C:/Users/atout/Desktop/3Ageoinfo/backend/src/main/java/ma/ehtp/geoinfo/controller/AdminController.java:[145,86] cannot find symbol
  symbol:   method getTypeIncident()
  location: variable request of type ma.ehtp.geoinfo.dto.request.ProfessionnelRequest
[ERROR] /C:/Users/atout/Desktop/3Ageoinfo/backend/src/main/java/ma/ehtp/geoinfo/controller/AdminController.java:[150,39] constructor Professionnel in class ma.ehtp.geoinfo.entity.Professionnel cannot be applied to given types;
  required: java.lang.String,java.lang.String,java.lang.String,java.lang.String,java.lang.String,ma.ehtp.geoinfo.entity.Secteur,ma.ehtp.geoinfo.entity.Professionnel.TypeIncident
  found:    no arguments
  reason: actual and formal argument lists differ in length
[ERROR] /C:/Users/atout/Desktop/3Ageoinfo/backend/src/main/java/ma/ehtp/geoinfo/controller/AdminController.java:[151,37] cannot find symbol
  symbol:   method getNom()
  location: variable request of type ma.ehtp.geoinfo.dto.request.ProfessionnelRequest
[ERROR] /C:/Users/atout/Desktop/3Ageoinfo/backend/src/main/java/ma/ehtp/geoinfo/controller/AdminController.java:[152,22] cannot find symbol
  symbol:   method setPrenom(request.ge[...] : "")
  location: variable professionnel of type ma.ehtp.geoinfo.entity.Professionnel
[ERROR] /C:/Users/atout/Desktop/3Ageoinfo/backend/src/main/java/ma/ehtp/geoinfo/controller/AdminController.java:[152,40] cannot find symbol
  symbol:   method getPrenom()
  location: variable request of type ma.ehtp.geoinfo.dto.request.ProfessionnelRequest
[ERROR] /C:/Users/atout/Desktop/3Ageoinfo/backend/src/main/java/ma/ehtp/geoinfo/controller/AdminController.java:[152,70] cannot find symbol
  symbol:   method getPrenom()
  location: variable request of type ma.ehtp.geoinfo.dto.request.ProfessionnelRequest
[ERROR] /C:/Users/atout/Desktop/3Ageoinfo/backend/src/main/java/ma/ehtp/geoinfo/controller/AdminController.java:[153,39] cannot find symbol
  symbol:   method getEmail()
  location: variable request of type ma.ehtp.geoinfo.dto.request.ProfessionnelRequest
[ERROR] /C:/Users/atout/Desktop/3Ageoinfo/backend/src/main/java/ma/ehtp/geoinfo/controller/AdminController.java:[154,67] cannot find symbol
  symbol:   method getMotDePasse()
  location: variable request of type ma.ehtp.geoinfo.dto.request.ProfessionnelRequest
[ERROR] /C:/Users/atout/Desktop/3Ageoinfo/backend/src/main/java/ma/ehtp/geoinfo/controller/AdminController.java:[155,43] cannot find symbol
  symbol:   method getTelephone()
  location: variable request of type ma.ehtp.geoinfo.dto.request.ProfessionnelRequest
[ERROR] /C:/Users/atout/Desktop/3Ageoinfo/backend/src/main/java/ma/ehtp/geoinfo/controller/AdminController.java:[156,22] cannot find symbol
  symbol:   method setRole(ma.ehtp.geoinfo.entity.Utilisateur.Role)
  location: variable professionnel of type ma.ehtp.geoinfo.entity.Professionnel
[ERROR] /C:/Users/atout/Desktop/3Ageoinfo/backend/src/main/java/ma/ehtp/geoinfo/controller/AdminController.java:[157,22] cannot find symbol
  symbol:   method setSecteur(ma.ehtp.geoinfo.entity.Secteur)
  location: variable professionnel of type ma.ehtp.geoinfo.entity.Professionnel
[ERROR] /C:/Users/atout/Desktop/3Ageoinfo/backend/src/main/java/ma/ehtp/geoinfo/controller/AdminController.java:[158,22] cannot find symbol
  symbol:   method setTypeIncident(ma.ehtp.geoinfo.entity.Professionnel.TypeIncident)
  location: variable professionnel of type ma.ehtp.geoinfo.entity.Professionnel
[ERROR] /C:/Users/atout/Desktop/3Ageoinfo/backend/src/main/java/ma/ehtp/geoinfo/controller/AdminController.java:[159,22] cannot find symbol
  symbol:   method setActif(boolean)
  location: variable professionnel of type ma.ehtp.geoinfo.entity.Professionnel
[ERROR] /C:/Users/atout/Desktop/3Ageoinfo/backend/src/main/java/ma/ehtp/geoinfo/controller/AdminController.java:[160,22] cannot find symbol
  symbol:   method setDisponible(boolean)
  location: variable professionnel of type ma.ehtp.geoinfo.entity.Professionnel
[ERROR] /C:/Users/atout/Desktop/3Ageoinfo/backend/src/main/java/ma/ehtp/geoinfo/controller/AdminController.java:[164,9] cannot find symbol
  symbol:   variable log
  location: class ma.ehtp.geoinfo.controller.AdminController
[ERROR] /C:/Users/atout/Desktop/3Ageoinfo/backend/src/main/java/ma/ehtp/geoinfo/controller/AdminController.java:[165,30] cannot find symbol
  symbol:   method getId()
  location: variable professionnel of type ma.ehtp.geoinfo.entity.Professionnel
[ERROR] /C:/Users/atout/Desktop/3Ageoinfo/backend/src/main/java/ma/ehtp/geoinfo/controller/AdminController.java:[165,47] cannot find symbol
  symbol:   method getNom()
  location: variable secteur of type ma.ehtp.geoinfo.entity.Secteur
[ERROR] /C:/Users/atout/Desktop/3Ageoinfo/backend/src/main/java/ma/ehtp/geoinfo/controller/AdminController.java:[179,9] cannot find symbol
  symbol:   variable log
  location: class ma.ehtp.geoinfo.controller.AdminController
[ERROR] /C:/Users/atout/Desktop/3Ageoinfo/backend/src/main/java/ma/ehtp/geoinfo/controller/AdminController.java:[185,61] cannot find symbol
  symbol:   method getSecteurAffectate()
  location: variable request of type ma.ehtp.geoinfo.dto.request.ProfessionnelRequest
[ERROR] /C:/Users/atout/Desktop/3Ageoinfo/backend/src/main/java/ma/ehtp/geoinfo/controller/AdminController.java:[187,94] cannot find symbol
  symbol:   method getSecteurAffectate()
  location: variable request of type ma.ehtp.geoinfo.dto.request.ProfessionnelRequest
[ERROR] /C:/Users/atout/Desktop/3Ageoinfo/backend/src/main/java/ma/ehtp/geoinfo/controller/AdminController.java:[189,37] cannot find symbol
  symbol:   method getNom()
  location: variable request of type ma.ehtp.geoinfo.dto.request.ProfessionnelRequest
[ERROR] /C:/Users/atout/Desktop/3Ageoinfo/backend/src/main/java/ma/ehtp/geoinfo/controller/AdminController.java:[190,40] cannot find symbol
  symbol:   method getPrenom()
  location: variable request of type ma.ehtp.geoinfo.dto.request.ProfessionnelRequest
[ERROR] /C:/Users/atout/Desktop/3Ageoinfo/backend/src/main/java/ma/ehtp/geoinfo/controller/AdminController.java:[191,43] cannot find symbol
  symbol:   method getTelephone()
  location: variable request of type ma.ehtp.geoinfo.dto.request.ProfessionnelRequest
[ERROR] /C:/Users/atout/Desktop/3Ageoinfo/backend/src/main/java/ma/ehtp/geoinfo/controller/AdminController.java:[192,22] cannot find symbol
  symbol:   method setSecteur(ma.ehtp.geoinfo.entity.Secteur)
  location: variable professionnel of type ma.ehtp.geoinfo.entity.Professionnel
[ERROR] /C:/Users/atout/Desktop/3Ageoinfo/backend/src/main/java/ma/ehtp/geoinfo/controller/AdminController.java:[193,81] cannot find symbol
  symbol:   method getTypeIncident()
  location: variable request of type ma.ehtp.geoinfo.dto.request.ProfessionnelRequest
[ERROR] /C:/Users/atout/Desktop/3Ageoinfo/backend/src/main/java/ma/ehtp/geoinfo/controller/AdminController.java:[196,20] cannot find symbol
  symbol:   method getMotDePasse()
  location: variable request of type ma.ehtp.geoinfo.dto.request.ProfessionnelRequest
[ERROR] /C:/Users/atout/Desktop/3Ageoinfo/backend/src/main/java/ma/ehtp/geoinfo/controller/AdminController.java:[196,56] cannot find symbol
  symbol:   method getMotDePasse()
  location: variable request of type ma.ehtp.geoinfo.dto.request.ProfessionnelRequest
[ERROR] /C:/Users/atout/Desktop/3Ageoinfo/backend/src/main/java/ma/ehtp/geoinfo/controller/AdminController.java:[197,71] cannot find symbol
  symbol:   method getMotDePasse()
  location: variable request of type ma.ehtp.geoinfo.dto.request.ProfessionnelRequest
[ERROR] /C:/Users/atout/Desktop/3Ageoinfo/backend/src/main/java/ma/ehtp/geoinfo/controller/AdminController.java:[202,9] cannot find symbol
  symbol:   variable log
  location: class ma.ehtp.geoinfo.controller.AdminController
[ERROR] /C:/Users/atout/Desktop/3Ageoinfo/backend/src/main/java/ma/ehtp/geoinfo/controller/AdminController.java:[202,77] cannot find symbol
  symbol:   method getNom()
  location: variable secteur of type ma.ehtp.geoinfo.entity.Secteur
[ERROR] /C:/Users/atout/Desktop/3Ageoinfo/backend/src/main/java/ma/ehtp/geoinfo/controller/AdminController.java:[213,9] cannot find symbol
  symbol:   variable log
  location: class ma.ehtp.geoinfo.controller.AdminController
[ERROR] /C:/Users/atout/Desktop/3Ageoinfo/backend/src/main/java/ma/ehtp/geoinfo/controller/AdminController.java:[218,22] cannot find symbol
  symbol:   method setActif(boolean)
  location: variable professionnel of type ma.ehtp.geoinfo.entity.Professionnel
[ERROR] /C:/Users/atout/Desktop/3Ageoinfo/backend/src/main/java/ma/ehtp/geoinfo/controller/AdminController.java:[219,22] cannot find symbol
  symbol:   method setDisponible(boolean)
  location: variable professionnel of type ma.ehtp.geoinfo.entity.Professionnel
[ERROR] /C:/Users/atout/Desktop/3Ageoinfo/backend/src/main/java/ma/ehtp/geoinfo/controller/AdminController.java:[222,9] cannot find symbol
  symbol:   variable log
  location: class ma.ehtp.geoinfo.controller.AdminController
[ERROR] /C:/Users/atout/Desktop/3Ageoinfo/backend/src/main/java/ma/ehtp/geoinfo/controller/AdminController.java:[233,9] cannot find symbol
  symbol:   variable log
  location: class ma.ehtp.geoinfo.controller.AdminController
[ERROR] /C:/Users/atout/Desktop/3Ageoinfo/backend/src/main/java/ma/ehtp/geoinfo/service/AdminService.java:[37,9] cannot find symbol
  symbol:   variable log
  location: class ma.ehtp.geoinfo.service.AdminService
[ERROR] /C:/Users/atout/Desktop/3Ageoinfo/backend/src/main/java/ma/ehtp/geoinfo/service/AdminService.java:[41,9] cannot find symbol
  symbol:   variable log
  location: class ma.ehtp.geoinfo.service.AdminService
[ERROR] /C:/Users/atout/Desktop/3Ageoinfo/backend/src/main/java/ma/ehtp/geoinfo/service/AdminService.java:[57,9] cannot find symbol
  symbol:   variable log
  location: class ma.ehtp.geoinfo.service.AdminService
[ERROR] /C:/Users/atout/Desktop/3Ageoinfo/backend/src/main/java/ma/ehtp/geoinfo/service/AdminService.java:[63,21] cannot find symbol
  symbol:   method getStatut()
  location: variable incident of type ma.ehtp.geoinfo.entity.Incident
[ERROR] /C:/Users/atout/Desktop/3Ageoinfo/backend/src/main/java/ma/ehtp/geoinfo/service/AdminService.java:[68,17] cannot find symbol
  symbol:   method setStatut(ma.ehtp.geoinfo.entity.Incident.StatutIncident)
  location: variable incident of type ma.ehtp.geoinfo.entity.Incident
[ERROR] /C:/Users/atout/Desktop/3Ageoinfo/backend/src/main/java/ma/ehtp/geoinfo/service/AdminService.java:[71,9] cannot find symbol
  symbol:   variable log
  location: class ma.ehtp.geoinfo.service.AdminService
[ERROR] /C:/Users/atout/Desktop/3Ageoinfo/backend/src/main/java/ma/ehtp/geoinfo/service/AdminService.java:[86,9] cannot find symbol
  symbol:   variable log
  location: class ma.ehtp.geoinfo.service.AdminService
[ERROR] /C:/Users/atout/Desktop/3Ageoinfo/backend/src/main/java/ma/ehtp/geoinfo/service/AdminService.java:[96,21] cannot find symbol
  symbol:   method getStatut()
  location: variable incident of type ma.ehtp.geoinfo.entity.Incident
[ERROR] /C:/Users/atout/Desktop/3Ageoinfo/backend/src/main/java/ma/ehtp/geoinfo/service/AdminService.java:[101,17] cannot find symbol
  symbol:   method setStatut(ma.ehtp.geoinfo.entity.Incident.StatutIncident)
  location: variable incident of type ma.ehtp.geoinfo.entity.Incident
[ERROR] /C:/Users/atout/Desktop/3Ageoinfo/backend/src/main/java/ma/ehtp/geoinfo/service/AdminService.java:[102,17] cannot find symbol
  symbol:   method setMotifRejet(java.lang.String)
  location: variable incident of type ma.ehtp.geoinfo.entity.Incident
[ERROR] /C:/Users/atout/Desktop/3Ageoinfo/backend/src/main/java/ma/ehtp/geoinfo/service/AdminService.java:[105,9] cannot find symbol
  symbol:   variable log
  location: class ma.ehtp.geoinfo.service.AdminService
[ERROR] /C:/Users/atout/Desktop/3Ageoinfo/backend/src/main/java/ma/ehtp/geoinfo/service/AdminService.java:[119,9] cannot find symbol
  symbol:   variable log
  location: class ma.ehtp.geoinfo.service.AdminService
[ERROR] /C:/Users/atout/Desktop/3Ageoinfo/backend/src/main/java/ma/ehtp/geoinfo/service/AdminService.java:[128,27] cannot find symbol
  symbol:   method getActif()
  location: variable professionnel of type ma.ehtp.geoinfo.entity.Professionnel
[ERROR] /C:/Users/atout/Desktop/3Ageoinfo/backend/src/main/java/ma/ehtp/geoinfo/service/AdminService.java:[133,17] cannot find symbol
  symbol:   method setProfessionnelAffecte(ma.ehtp.geoinfo.entity.Professionnel)
  location: variable incident of type ma.ehtp.geoinfo.entity.Incident
[ERROR] /C:/Users/atout/Desktop/3Ageoinfo/backend/src/main/java/ma/ehtp/geoinfo/service/AdminService.java:[136,9] cannot find symbol
  symbol:   variable log
  location: class ma.ehtp.geoinfo.service.AdminService
[ERROR] /C:/Users/atout/Desktop/3Ageoinfo/backend/src/main/java/ma/ehtp/geoinfo/service/AdminService.java:[155,32] cannot find symbol
  symbol:   method builder()
  location: class ma.ehtp.geoinfo.dto.response.IncidentResponse
[ERROR] /C:/Users/atout/Desktop/3Ageoinfo/backend/src/main/java/ma/ehtp/geoinfo/service/AdminService.java:[156,29] cannot find symbol
  symbol:   method getId()
  location: variable incident of type ma.ehtp.geoinfo.entity.Incident
[ERROR] /C:/Users/atout/Desktop/3Ageoinfo/backend/src/main/java/ma/ehtp/geoinfo/service/AdminService.java:[157,32] cannot find symbol
  symbol:   method getTitre()
  location: variable incident of type ma.ehtp.geoinfo.entity.Incident
[ERROR] /C:/Users/atout/Desktop/3Ageoinfo/backend/src/main/java/ma/ehtp/geoinfo/service/AdminService.java:[158,39] cannot find symbol
  symbol:   method getTypeIncident()
  location: variable incident of type ma.ehtp.geoinfo.entity.Incident
[ERROR] /C:/Users/atout/Desktop/3Ageoinfo/backend/src/main/java/ma/ehtp/geoinfo/service/AdminService.java:[159,38] cannot find symbol
  symbol:   method getDescription()
  location: variable incident of type ma.ehtp.geoinfo.entity.Incident
[ERROR] /C:/Users/atout/Desktop/3Ageoinfo/backend/src/main/java/ma/ehtp/geoinfo/service/AdminService.java:[160,35] cannot find symbol
  symbol:   method getLatitude()
  location: variable incident of type ma.ehtp.geoinfo.entity.Incident
[ERROR] /C:/Users/atout/Desktop/3Ageoinfo/backend/src/main/java/ma/ehtp/geoinfo/service/AdminService.java:[161,36] cannot find symbol
  symbol:   method getLongitude()
  location: variable incident of type ma.ehtp.geoinfo.entity.Incident
[ERROR] /C:/Users/atout/Desktop/3Ageoinfo/backend/src/main/java/ma/ehtp/geoinfo/service/AdminService.java:[162,35] cannot find symbol
  symbol:   method getProvince()
  location: variable incident of type ma.ehtp.geoinfo.entity.Incident
[ERROR] /C:/Users/atout/Desktop/3Ageoinfo/backend/src/main/java/ma/ehtp/geoinfo/service/AdminService.java:[163,35] cannot find symbol
  symbol:   method getPhotoUrl()
  location: variable incident of type ma.ehtp.geoinfo.entity.Incident
[ERROR] /C:/Users/atout/Desktop/3Ageoinfo/backend/src/main/java/ma/ehtp/geoinfo/service/AdminService.java:[164,42] cannot find symbol
  symbol:   method getDateDeclaration()
  location: variable incident of type ma.ehtp.geoinfo.entity.Incident
[ERROR] /C:/Users/atout/Desktop/3Ageoinfo/backend/src/main/java/ma/ehtp/geoinfo/service/AdminService.java:[165,33] cannot find symbol
  symbol:   method getStatut()
  location: variable incident of type ma.ehtp.geoinfo.entity.Incident
[ERROR] /C:/Users/atout/Desktop/3Ageoinfo/backend/src/main/java/ma/ehtp/geoinfo/service/AdminService.java:[166,36] cannot find symbol
  symbol:   method getSecteur()
  location: variable incident of type ma.ehtp.geoinfo.entity.Incident
[ERROR] /C:/Users/atout/Desktop/3Ageoinfo/backend/src/main/java/ma/ehtp/geoinfo/service/AdminService.java:[167,37] cannot find symbol
  symbol:   method getSecteur()
  location: variable incident of type ma.ehtp.geoinfo.entity.Incident
[INFO] 100 errors 
[INFO] -------------------------------------------------------------
[INFO] ------------------------------------------------------------------------
[INFO] BUILD FAILURE
[INFO] ------------------------------------------------------------------------
[INFO] Total time:  6.572 s
[INFO] Finished at: 2025-12-22T02:28:41+01:00
[INFO] ------------------------------------------------------------------------
[ERROR] Failed to execute goal org.apache.maven.plugins:maven-compiler-plugin:3.13.0:compile (default-compile) on project geoinfo: Compilation failure: Compilation failure: 
[ERROR] /C:/Users/atout/Desktop/3Ageoinfo/backend/src/main/java/ma/ehtp/geoinfo/config/SecurityConfig.java:[37,42] variable userDetailsService not initialized in the default constructor
[ERROR] /C:/Users/atout/Desktop/3Ageoinfo/backend/src/main/java/ma/ehtp/geoinfo/config/SecurityConfig.java:[38,43] variable jwtAuthenticationFilter not initialized in the default constructor
[ERROR] /C:/Users/atout/Desktop/3Ageoinfo/backend/src/main/java/ma/ehtp/geoinfo/security/UserDetailsServiceImpl.java:[36,25] cannot find symbol
[ERROR]   symbol:   method getActif()
[ERROR]   location: variable utilisateur of type ma.ehtp.geoinfo.entity.Utilisateur
[ERROR] /C:/Users/atout/Desktop/3Ageoinfo/backend/src/main/java/ma/ehtp/geoinfo/security/UserDetailsServiceImpl.java:[47,39] cannot find symbol
[ERROR]   symbol:   method getActif()
[ERROR]   location: variable utilisateur of type ma.ehtp.geoinfo.entity.Utilisateur
[ERROR] /C:/Users/atout/Desktop/3Ageoinfo/backend/src/main/java/ma/ehtp/geoinfo/security/UserDetailsServiceImpl.java:[41,38] cannot find symbol
[ERROR]   symbol:   method getEmail()
[ERROR]   location: variable utilisateur of type ma.ehtp.geoinfo.entity.Utilisateur
[ERROR] /C:/Users/atout/Desktop/3Ageoinfo/backend/src/main/java/ma/ehtp/geoinfo/security/UserDetailsServiceImpl.java:[42,38] cannot find symbol
[ERROR]   symbol:   method getMotDePasse()
[ERROR]   location: variable utilisateur of type ma.ehtp.geoinfo.entity.Utilisateur
[ERROR] /C:/Users/atout/Desktop/3Ageoinfo/backend/src/main/java/ma/ehtp/geoinfo/security/UserDetailsServiceImpl.java:[56,65] cannot find symbol
[ERROR]   symbol:   method getRole()
[ERROR]   location: variable utilisateur of type ma.ehtp.geoinfo.entity.Utilisateur
[ERROR] /C:/Users/atout/Desktop/3Ageoinfo/backend/src/main/java/ma/ehtp/geoinfo/security/UserDetailsServiceImpl.java:[69,38] cannot find symbol
[ERROR]   symbol:   method getEmail()
[ERROR]   location: variable utilisateur of type ma.ehtp.geoinfo.entity.Utilisateur
[ERROR] /C:/Users/atout/Desktop/3Ageoinfo/backend/src/main/java/ma/ehtp/geoinfo/security/UserDetailsServiceImpl.java:[70,38] cannot find symbol
[ERROR]   symbol:   method getMotDePasse()
[ERROR]   location: variable utilisateur of type ma.ehtp.geoinfo.entity.Utilisateur
[ERROR] /C:/Users/atout/Desktop/3Ageoinfo/backend/src/main/java/ma/ehtp/geoinfo/security/JwtAuthenticationFilter.java:[57,17] cannot find symbol
[ERROR]   symbol:   variable log
[ERROR]   location: class ma.ehtp.geoinfo.security.JwtAuthenticationFilter
[ERROR] /C:/Users/atout/Desktop/3Ageoinfo/backend/src/main/java/ma/ehtp/geoinfo/security/JwtAuthenticationFilter.java:[60,13] cannot find symbol
[ERROR]   symbol:   variable log
[ERROR]   location: class ma.ehtp.geoinfo.security.JwtAuthenticationFilter
[ERROR] /C:/Users/atout/Desktop/3Ageoinfo/backend/src/main/java/ma/ehtp/geoinfo/security/JwtTokenProvider.java:[50,37] cannot find symbol
[ERROR]   symbol:   method getEmail()
[ERROR]   location: variable utilisateur of type ma.ehtp.geoinfo.entity.Utilisateur
[ERROR] /C:/Users/atout/Desktop/3Ageoinfo/backend/src/main/java/ma/ehtp/geoinfo/security/JwtTokenProvider.java:[51,45] cannot find symbol
[ERROR]   symbol:   method getId()
[ERROR]   location: variable utilisateur of type ma.ehtp.geoinfo.entity.Utilisateur
[ERROR] /C:/Users/atout/Desktop/3Ageoinfo/backend/src/main/java/ma/ehtp/geoinfo/security/JwtTokenProvider.java:[52,43] cannot find symbol
[ERROR]   symbol:   method getRole()
[ERROR]   location: variable utilisateur of type ma.ehtp.geoinfo.entity.Utilisateur
[ERROR] /C:/Users/atout/Desktop/3Ageoinfo/backend/src/main/java/ma/ehtp/geoinfo/security/JwtTokenProvider.java:[53,42] cannot find symbol
[ERROR]   symbol:   method getNom()
[ERROR]   location: variable utilisateur of type ma.ehtp.geoinfo.entity.Utilisateur
[ERROR] /C:/Users/atout/Desktop/3Ageoinfo/backend/src/main/java/ma/ehtp/geoinfo/security/JwtTokenProvider.java:[54,45] cannot find symbol
[ERROR]   symbol:   method getPrenom()
[ERROR]   location: variable utilisateur of type ma.ehtp.geoinfo.entity.Utilisateur
[ERROR] /C:/Users/atout/Desktop/3Ageoinfo/backend/src/main/java/ma/ehtp/geoinfo/security/JwtTokenProvider.java:[111,13] cannot find symbol
[ERROR]   symbol:   variable log
[ERROR]   location: class ma.ehtp.geoinfo.security.JwtTokenProvider
[ERROR] /C:/Users/atout/Desktop/3Ageoinfo/backend/src/main/java/ma/ehtp/geoinfo/security/JwtTokenProvider.java:[113,13] cannot find symbol
[ERROR]   symbol:   variable log
[ERROR]   location: class ma.ehtp.geoinfo.security.JwtTokenProvider
[ERROR] /C:/Users/atout/Desktop/3Ageoinfo/backend/src/main/java/ma/ehtp/geoinfo/security/JwtTokenProvider.java:[115,13] cannot find symbol
[ERROR]   symbol:   variable log
[ERROR]   location: class ma.ehtp.geoinfo.security.JwtTokenProvider
[ERROR] /C:/Users/atout/Desktop/3Ageoinfo/backend/src/main/java/ma/ehtp/geoinfo/security/JwtTokenProvider.java:[117,13] cannot find symbol
[ERROR]   symbol:   variable log
[ERROR]   location: class ma.ehtp.geoinfo.security.JwtTokenProvider
[ERROR] /C:/Users/atout/Desktop/3Ageoinfo/backend/src/main/java/ma/ehtp/geoinfo/security/JwtTokenProvider.java:[119,13] cannot find symbol
[ERROR]   symbol:   variable log
[ERROR]   location: class ma.ehtp.geoinfo.security.JwtTokenProvider
[ERROR] /C:/Users/atout/Desktop/3Ageoinfo/backend/src/main/java/ma/ehtp/geoinfo/controller/AdminController.java:[48,9] cannot find symbol
[ERROR]   symbol:   variable log
[ERROR]   location: class ma.ehtp.geoinfo.controller.AdminController
[ERROR] /C:/Users/atout/Desktop/3Ageoinfo/backend/src/main/java/ma/ehtp/geoinfo/controller/AdminController.java:[61,9] cannot find symbol
[ERROR]   symbol:   variable log
[ERROR]   location: class ma.ehtp.geoinfo.controller.AdminController
[ERROR] /C:/Users/atout/Desktop/3Ageoinfo/backend/src/main/java/ma/ehtp/geoinfo/controller/AdminController.java:[79,9] cannot find symbol
[ERROR]   symbol:   variable log
[ERROR]   location: class ma.ehtp.geoinfo.controller.AdminController
[ERROR] /C:/Users/atout/Desktop/3Ageoinfo/backend/src/main/java/ma/ehtp/geoinfo/controller/AdminController.java:[95,9] cannot find symbol
[ERROR]   symbol:   variable log
[ERROR]   location: class ma.ehtp.geoinfo.controller.AdminController
[ERROR] /C:/Users/atout/Desktop/3Ageoinfo/backend/src/main/java/ma/ehtp/geoinfo/controller/AdminController.java:[108,9] cannot find symbol
[ERROR]   symbol:   variable log
[ERROR]   location: class ma.ehtp.geoinfo.controller.AdminController
[ERROR] /C:/Users/atout/Desktop/3Ageoinfo/backend/src/main/java/ma/ehtp/geoinfo/controller/AdminController.java:[121,9] cannot find symbol
[ERROR]   symbol:   variable log
[ERROR]   location: class ma.ehtp.geoinfo.controller.AdminController
[ERROR] /C:/Users/atout/Desktop/3Ageoinfo/backend/src/main/java/ma/ehtp/geoinfo/controller/AdminController.java:[122,24] cannot find symbol
[ERROR]   symbol:   method getEmail()
[ERROR]   location: variable request of type ma.ehtp.geoinfo.dto.request.ProfessionnelRequest
[ERROR] /C:/Users/atout/Desktop/3Ageoinfo/backend/src/main/java/ma/ehtp/geoinfo/controller/AdminController.java:[122,44] cannot find symbol
[ERROR]   symbol:   method getSecteurAffectate()
[ERROR]   location: variable request of type ma.ehtp.geoinfo.dto.request.ProfessionnelRequest
[ERROR] /C:/Users/atout/Desktop/3Ageoinfo/backend/src/main/java/ma/ehtp/geoinfo/controller/AdminController.java:[122,75] cannot find symbol
[ERROR]   symbol:   method getTypeIncident()
[ERROR]   location: variable request of type ma.ehtp.geoinfo.dto.request.ProfessionnelRequest
[ERROR] /C:/Users/atout/Desktop/3Ageoinfo/backend/src/main/java/ma/ehtp/geoinfo/controller/AdminController.java:[125,56] cannot find symbol
[ERROR]   symbol:   method getEmail()
[ERROR]   location: variable request of type ma.ehtp.geoinfo.dto.request.ProfessionnelRequest
[ERROR] /C:/Users/atout/Desktop/3Ageoinfo/backend/src/main/java/ma/ehtp/geoinfo/controller/AdminController.java:[130,20] cannot find symbol
[ERROR]   symbol:   method getSecteurAffectate()
[ERROR]   location: variable request of type ma.ehtp.geoinfo.dto.request.ProfessionnelRequest
[ERROR] /C:/Users/atout/Desktop/3Ageoinfo/backend/src/main/java/ma/ehtp/geoinfo/controller/AdminController.java:[135,61] cannot find symbol
[ERROR]   symbol:   method getSecteurAffectate()
[ERROR]   location: variable request of type ma.ehtp.geoinfo.dto.request.ProfessionnelRequest
[ERROR] /C:/Users/atout/Desktop/3Ageoinfo/backend/src/main/java/ma/ehtp/geoinfo/controller/AdminController.java:[137,94] cannot find symbol
[ERROR]   symbol:   method getSecteurAffectate()
[ERROR]   location: variable request of type ma.ehtp.geoinfo.dto.request.ProfessionnelRequest
[ERROR] /C:/Users/atout/Desktop/3Ageoinfo/backend/src/main/java/ma/ehtp/geoinfo/controller/AdminController.java:[142,70] cannot find symbol
[ERROR]   symbol:   method getTypeIncident()
[ERROR]   location: variable request of type ma.ehtp.geoinfo.dto.request.ProfessionnelRequest
[ERROR] /C:/Users/atout/Desktop/3Ageoinfo/backend/src/main/java/ma/ehtp/geoinfo/controller/AdminController.java:[144,13] cannot find symbol
[ERROR]   symbol:   variable log
[ERROR]   location: class ma.ehtp.geoinfo.controller.AdminController
[ERROR] /C:/Users/atout/Desktop/3Ageoinfo/backend/src/main/java/ma/ehtp/geoinfo/controller/AdminController.java:[144,62] cannot find symbol
[ERROR]   symbol:   method getTypeIncident()
[ERROR]   location: variable request of type ma.ehtp.geoinfo.dto.request.ProfessionnelRequest
[ERROR] /C:/Users/atout/Desktop/3Ageoinfo/backend/src/main/java/ma/ehtp/geoinfo/controller/AdminController.java:[145,86] cannot find symbol
[ERROR]   symbol:   method getTypeIncident()
[ERROR]   location: variable request of type ma.ehtp.geoinfo.dto.request.ProfessionnelRequest
[ERROR] /C:/Users/atout/Desktop/3Ageoinfo/backend/src/main/java/ma/ehtp/geoinfo/controller/AdminController.java:[150,39] constructor Professionnel in class ma.ehtp.geoinfo.entity.Professionnel cannot be applied to given types;
[ERROR]   required: java.lang.String,java.lang.String,java.lang.String,java.lang.String,java.lang.String,ma.ehtp.geoinfo.entity.Secteur,ma.ehtp.geoinfo.entity.Professionnel.TypeIncident
[ERROR]   found:    no arguments
[ERROR]   reason: actual and formal argument lists differ in length
[ERROR] /C:/Users/atout/Desktop/3Ageoinfo/backend/src/main/java/ma/ehtp/geoinfo/controller/AdminController.java:[151,37] cannot find symbol
[ERROR]   symbol:   method getNom()
[ERROR]   location: variable request of type ma.ehtp.geoinfo.dto.request.ProfessionnelRequest
[ERROR] /C:/Users/atout/Desktop/3Ageoinfo/backend/src/main/java/ma/ehtp/geoinfo/controller/AdminController.java:[152,22] cannot find symbol
[ERROR]   symbol:   method setPrenom(request.ge[...] : "")
[ERROR]   location: variable professionnel of type ma.ehtp.geoinfo.entity.Professionnel
[ERROR] /C:/Users/atout/Desktop/3Ageoinfo/backend/src/main/java/ma/ehtp/geoinfo/controller/AdminController.java:[152,40] cannot find symbol
[ERROR]   symbol:   method getPrenom()
[ERROR]   location: variable request of type ma.ehtp.geoinfo.dto.request.ProfessionnelRequest
[ERROR] /C:/Users/atout/Desktop/3Ageoinfo/backend/src/main/java/ma/ehtp/geoinfo/controller/AdminController.java:[152,70] cannot find symbol
[ERROR]   symbol:   method getPrenom()
[ERROR]   location: variable request of type ma.ehtp.geoinfo.dto.request.ProfessionnelRequest
[ERROR] /C:/Users/atout/Desktop/3Ageoinfo/backend/src/main/java/ma/ehtp/geoinfo/controller/AdminController.java:[153,39] cannot find symbol
[ERROR]   symbol:   method getEmail()
[ERROR]   location: variable request of type ma.ehtp.geoinfo.dto.request.ProfessionnelRequest
[ERROR] /C:/Users/atout/Desktop/3Ageoinfo/backend/src/main/java/ma/ehtp/geoinfo/controller/AdminController.java:[154,67] cannot find symbol
[ERROR]   symbol:   method getMotDePasse()
[ERROR]   location: variable request of type ma.ehtp.geoinfo.dto.request.ProfessionnelRequest
[ERROR] /C:/Users/atout/Desktop/3Ageoinfo/backend/src/main/java/ma/ehtp/geoinfo/controller/AdminController.java:[155,43] cannot find symbol
[ERROR]   symbol:   method getTelephone()
[ERROR]   location: variable request of type ma.ehtp.geoinfo.dto.request.ProfessionnelRequest
[ERROR] /C:/Users/atout/Desktop/3Ageoinfo/backend/src/main/java/ma/ehtp/geoinfo/controller/AdminController.java:[156,22] cannot find symbol
[ERROR]   symbol:   method setRole(ma.ehtp.geoinfo.entity.Utilisateur.Role)
[ERROR]   location: variable professionnel of type ma.ehtp.geoinfo.entity.Professionnel
[ERROR] /C:/Users/atout/Desktop/3Ageoinfo/backend/src/main/java/ma/ehtp/geoinfo/controller/AdminController.java:[157,22] cannot find symbol
[ERROR]   symbol:   method setSecteur(ma.ehtp.geoinfo.entity.Secteur)
[ERROR]   location: variable professionnel of type ma.ehtp.geoinfo.entity.Professionnel
[ERROR] /C:/Users/atout/Desktop/3Ageoinfo/backend/src/main/java/ma/ehtp/geoinfo/controller/AdminController.java:[158,22] cannot find symbol
[ERROR]   symbol:   method setTypeIncident(ma.ehtp.geoinfo.entity.Professionnel.TypeIncident)
[ERROR]   location: variable professionnel of type ma.ehtp.geoinfo.entity.Professionnel
[ERROR] /C:/Users/atout/Desktop/3Ageoinfo/backend/src/main/java/ma/ehtp/geoinfo/controller/AdminController.java:[159,22] cannot find symbol
[ERROR]   symbol:   method setActif(boolean)
[ERROR]   location: variable professionnel of type ma.ehtp.geoinfo.entity.Professionnel
[ERROR] /C:/Users/atout/Desktop/3Ageoinfo/backend/src/main/java/ma/ehtp/geoinfo/controller/AdminController.java:[160,22] cannot find symbol
[ERROR]   symbol:   method setDisponible(boolean)
[ERROR]   location: variable professionnel of type ma.ehtp.geoinfo.entity.Professionnel
[ERROR] /C:/Users/atout/Desktop/3Ageoinfo/backend/src/main/java/ma/ehtp/geoinfo/controller/AdminController.java:[164,9] cannot find symbol
[ERROR]   symbol:   variable log
[ERROR]   location: class ma.ehtp.geoinfo.controller.AdminController
[ERROR] /C:/Users/atout/Desktop/3Ageoinfo/backend/src/main/java/ma/ehtp/geoinfo/controller/AdminController.java:[165,30] cannot find symbol
[ERROR]   symbol:   method getId()
[ERROR]   location: variable professionnel of type ma.ehtp.geoinfo.entity.Professionnel
[ERROR] /C:/Users/atout/Desktop/3Ageoinfo/backend/src/main/java/ma/ehtp/geoinfo/controller/AdminController.java:[165,47] cannot find symbol
[ERROR]   symbol:   method getNom()
[ERROR]   location: variable secteur of type ma.ehtp.geoinfo.entity.Secteur
[ERROR] /C:/Users/atout/Desktop/3Ageoinfo/backend/src/main/java/ma/ehtp/geoinfo/controller/AdminController.java:[179,9] cannot find symbol
[ERROR]   symbol:   variable log
[ERROR]   location: class ma.ehtp.geoinfo.controller.AdminController
[ERROR] /C:/Users/atout/Desktop/3Ageoinfo/backend/src/main/java/ma/ehtp/geoinfo/controller/AdminController.java:[185,61] cannot find symbol
[ERROR]   symbol:   method getSecteurAffectate()
[ERROR]   location: variable request of type ma.ehtp.geoinfo.dto.request.ProfessionnelRequest
[ERROR] /C:/Users/atout/Desktop/3Ageoinfo/backend/src/main/java/ma/ehtp/geoinfo/controller/AdminController.java:[187,94] cannot find symbol
[ERROR]   symbol:   method getSecteurAffectate()
[ERROR]   location: variable request of type ma.ehtp.geoinfo.dto.request.ProfessionnelRequest
[ERROR] /C:/Users/atout/Desktop/3Ageoinfo/backend/src/main/java/ma/ehtp/geoinfo/controller/AdminController.java:[189,37] cannot find symbol
[ERROR]   symbol:   method getNom()
[ERROR]   location: variable request of type ma.ehtp.geoinfo.dto.request.ProfessionnelRequest
[ERROR] /C:/Users/atout/Desktop/3Ageoinfo/backend/src/main/java/ma/ehtp/geoinfo/controller/AdminController.java:[190,40] cannot find symbol
[ERROR]   symbol:   method getPrenom()
[ERROR]   location: variable request of type ma.ehtp.geoinfo.dto.request.ProfessionnelRequest
[ERROR] /C:/Users/atout/Desktop/3Ageoinfo/backend/src/main/java/ma/ehtp/geoinfo/controller/AdminController.java:[191,43] cannot find symbol
[ERROR]   symbol:   method getTelephone()
[ERROR]   location: variable request of type ma.ehtp.geoinfo.dto.request.ProfessionnelRequest
[ERROR] /C:/Users/atout/Desktop/3Ageoinfo/backend/src/main/java/ma/ehtp/geoinfo/controller/AdminController.java:[192,22] cannot find symbol
[ERROR]   symbol:   method setSecteur(ma.ehtp.geoinfo.entity.Secteur)
[ERROR]   location: variable professionnel of type ma.ehtp.geoinfo.entity.Professionnel
[ERROR] /C:/Users/atout/Desktop/3Ageoinfo/backend/src/main/java/ma/ehtp/geoinfo/controller/AdminController.java:[193,81] cannot find symbol
[ERROR]   symbol:   method getTypeIncident()
[ERROR]   location: variable request of type ma.ehtp.geoinfo.dto.request.ProfessionnelRequest
[ERROR] /C:/Users/atout/Desktop/3Ageoinfo/backend/src/main/java/ma/ehtp/geoinfo/controller/AdminController.java:[196,20] cannot find symbol
[ERROR]   symbol:   method getMotDePasse()
[ERROR]   location: variable request of type ma.ehtp.geoinfo.dto.request.ProfessionnelRequest
[ERROR] /C:/Users/atout/Desktop/3Ageoinfo/backend/src/main/java/ma/ehtp/geoinfo/controller/AdminController.java:[196,56] cannot find symbol
[ERROR]   symbol:   method getMotDePasse()
[ERROR]   location: variable request of type ma.ehtp.geoinfo.dto.request.ProfessionnelRequest
[ERROR] /C:/Users/atout/Desktop/3Ageoinfo/backend/src/main/java/ma/ehtp/geoinfo/controller/AdminController.java:[197,71] cannot find symbol
[ERROR]   symbol:   method getMotDePasse()
[ERROR]   location: variable request of type ma.ehtp.geoinfo.dto.request.ProfessionnelRequest
[ERROR] /C:/Users/atout/Desktop/3Ageoinfo/backend/src/main/java/ma/ehtp/geoinfo/controller/AdminController.java:[202,9] cannot find symbol
[ERROR]   symbol:   variable log
[ERROR]   location: class ma.ehtp.geoinfo.controller.AdminController
[ERROR] /C:/Users/atout/Desktop/3Ageoinfo/backend/src/main/java/ma/ehtp/geoinfo/controller/AdminController.java:[202,77] cannot find symbol
[ERROR]   symbol:   method getNom()
[ERROR]   location: variable secteur of type ma.ehtp.geoinfo.entity.Secteur
[ERROR] /C:/Users/atout/Desktop/3Ageoinfo/backend/src/main/java/ma/ehtp/geoinfo/controller/AdminController.java:[213,9] cannot find symbol
[ERROR]   symbol:   variable log
[ERROR]   location: class ma.ehtp.geoinfo.controller.AdminController
[ERROR] /C:/Users/atout/Desktop/3Ageoinfo/backend/src/main/java/ma/ehtp/geoinfo/controller/AdminController.java:[218,22] cannot find symbol
[ERROR]   symbol:   method setActif(boolean)
[ERROR]   location: variable professionnel of type ma.ehtp.geoinfo.entity.Professionnel
[ERROR] /C:/Users/atout/Desktop/3Ageoinfo/backend/src/main/java/ma/ehtp/geoinfo/controller/AdminController.java:[219,22] cannot find symbol
[ERROR]   symbol:   method setDisponible(boolean)
[ERROR]   location: variable professionnel of type ma.ehtp.geoinfo.entity.Professionnel
[ERROR] /C:/Users/atout/Desktop/3Ageoinfo/backend/src/main/java/ma/ehtp/geoinfo/controller/AdminController.java:[222,9] cannot find symbol
[ERROR]   symbol:   variable log
[ERROR]   location: class ma.ehtp.geoinfo.controller.AdminController
[ERROR] /C:/Users/atout/Desktop/3Ageoinfo/backend/src/main/java/ma/ehtp/geoinfo/controller/AdminController.java:[233,9] cannot find symbol
[ERROR]   symbol:   variable log
[ERROR]   location: class ma.ehtp.geoinfo.controller.AdminController
[ERROR] /C:/Users/atout/Desktop/3Ageoinfo/backend/src/main/java/ma/ehtp/geoinfo/service/AdminService.java:[37,9] cannot find symbol
[ERROR]   symbol:   variable log
[ERROR]   location: class ma.ehtp.geoinfo.service.AdminService
[ERROR] /C:/Users/atout/Desktop/3Ageoinfo/backend/src/main/java/ma/ehtp/geoinfo/service/AdminService.java:[41,9] cannot find symbol
[ERROR]   symbol:   variable log
[ERROR]   location: class ma.ehtp.geoinfo.service.AdminService
[ERROR] /C:/Users/atout/Desktop/3Ageoinfo/backend/src/main/java/ma/ehtp/geoinfo/service/AdminService.java:[57,9] cannot find symbol
[ERROR]   symbol:   variable log
[ERROR]   location: class ma.ehtp.geoinfo.service.AdminService
[ERROR] /C:/Users/atout/Desktop/3Ageoinfo/backend/src/main/java/ma/ehtp/geoinfo/service/AdminService.java:[63,21] cannot find symbol
[ERROR]   symbol:   method getStatut()
[ERROR]   location: variable incident of type ma.ehtp.geoinfo.entity.Incident
[ERROR] /C:/Users/atout/Desktop/3Ageoinfo/backend/src/main/java/ma/ehtp/geoinfo/service/AdminService.java:[68,17] cannot find symbol
[ERROR]   symbol:   method setStatut(ma.ehtp.geoinfo.entity.Incident.StatutIncident)
[ERROR]   location: variable incident of type ma.ehtp.geoinfo.entity.Incident
[ERROR] /C:/Users/atout/Desktop/3Ageoinfo/backend/src/main/java/ma/ehtp/geoinfo/service/AdminService.java:[71,9] cannot find symbol
[ERROR]   symbol:   variable log
[ERROR]   location: class ma.ehtp.geoinfo.service.AdminService
[ERROR] /C:/Users/atout/Desktop/3Ageoinfo/backend/src/main/java/ma/ehtp/geoinfo/service/AdminService.java:[86,9] cannot find symbol
[ERROR]   symbol:   variable log
[ERROR]   location: class ma.ehtp.geoinfo.service.AdminService
[ERROR] /C:/Users/atout/Desktop/3Ageoinfo/backend/src/main/java/ma/ehtp/geoinfo/service/AdminService.java:[96,21] cannot find symbol
[ERROR]   symbol:   method getStatut()
[ERROR]   location: variable incident of type ma.ehtp.geoinfo.entity.Incident
[ERROR] /C:/Users/atout/Desktop/3Ageoinfo/backend/src/main/java/ma/ehtp/geoinfo/service/AdminService.java:[101,17] cannot find symbol
[ERROR]   symbol:   method setStatut(ma.ehtp.geoinfo.entity.Incident.StatutIncident)
[ERROR]   location: variable incident of type ma.ehtp.geoinfo.entity.Incident
[ERROR] /C:/Users/atout/Desktop/3Ageoinfo/backend/src/main/java/ma/ehtp/geoinfo/service/AdminService.java:[102,17] cannot find symbol
[ERROR]   symbol:   method setMotifRejet(java.lang.String)
[ERROR]   location: variable incident of type ma.ehtp.geoinfo.entity.Incident
[ERROR] /C:/Users/atout/Desktop/3Ageoinfo/backend/src/main/java/ma/ehtp/geoinfo/service/AdminService.java:[105,9] cannot find symbol
[ERROR]   symbol:   variable log
[ERROR]   location: class ma.ehtp.geoinfo.service.AdminService
[ERROR] /C:/Users/atout/Desktop/3Ageoinfo/backend/src/main/java/ma/ehtp/geoinfo/service/AdminService.java:[119,9] cannot find symbol
[ERROR]   symbol:   variable log
[ERROR]   location: class ma.ehtp.geoinfo.service.AdminService
[ERROR] /C:/Users/atout/Desktop/3Ageoinfo/backend/src/main/java/ma/ehtp/geoinfo/service/AdminService.java:[128,27] cannot find symbol
[ERROR]   symbol:   method getActif()
[ERROR]   location: variable professionnel of type ma.ehtp.geoinfo.entity.Professionnel
[ERROR] /C:/Users/atout/Desktop/3Ageoinfo/backend/src/main/java/ma/ehtp/geoinfo/service/AdminService.java:[133,17] cannot find symbol
[ERROR]   symbol:   method setProfessionnelAffecte(ma.ehtp.geoinfo.entity.Professionnel)
[ERROR]   location: variable incident of type ma.ehtp.geoinfo.entity.Incident
[ERROR] /C:/Users/atout/Desktop/3Ageoinfo/backend/src/main/java/ma/ehtp/geoinfo/service/AdminService.java:[136,9] cannot find symbol
[ERROR]   symbol:   variable log
[ERROR]   location: class ma.ehtp.geoinfo.service.AdminService
[ERROR] /C:/Users/atout/Desktop/3Ageoinfo/backend/src/main/java/ma/ehtp/geoinfo/service/AdminService.java:[155,32] cannot find symbol
[ERROR]   symbol:   method builder()
[ERROR]   location: class ma.ehtp.geoinfo.dto.response.IncidentResponse
[ERROR] /C:/Users/atout/Desktop/3Ageoinfo/backend/src/main/java/ma/ehtp/geoinfo/service/AdminService.java:[156,29] cannot find symbol
[ERROR]   symbol:   method getId()
[ERROR]   location: variable incident of type ma.ehtp.geoinfo.entity.Incident
[ERROR] /C:/Users/atout/Desktop/3Ageoinfo/backend/src/main/java/ma/ehtp/geoinfo/service/AdminService.java:[157,32] cannot find symbol
[ERROR]   symbol:   method getTitre()
[ERROR]   location: variable incident of type ma.ehtp.geoinfo.entity.Incident
[ERROR] /C:/Users/atout/Desktop/3Ageoinfo/backend/src/main/java/ma/ehtp/geoinfo/service/AdminService.java:[158,39] cannot find symbol
[ERROR]   symbol:   method getTypeIncident()
[ERROR]   location: variable incident of type ma.ehtp.geoinfo.entity.Incident
[ERROR] /C:/Users/atout/Desktop/3Ageoinfo/backend/src/main/java/ma/ehtp/geoinfo/service/AdminService.java:[159,38] cannot find symbol
[ERROR]   symbol:   method getDescription()
[ERROR]   location: variable incident of type ma.ehtp.geoinfo.entity.Incident
[ERROR] /C:/Users/atout/Desktop/3Ageoinfo/backend/src/main/java/ma/ehtp/geoinfo/service/AdminService.java:[160,35] cannot find symbol
[ERROR]   symbol:   method getLatitude()
[ERROR]   location: variable incident of type ma.ehtp.geoinfo.entity.Incident
[ERROR] /C:/Users/atout/Desktop/3Ageoinfo/backend/src/main/java/ma/ehtp/geoinfo/service/AdminService.java:[161,36] cannot find symbol
[ERROR]   symbol:   method getLongitude()
[ERROR]   location: variable incident of type ma.ehtp.geoinfo.entity.Incident
[ERROR] /C:/Users/atout/Desktop/3Ageoinfo/backend/src/main/java/ma/ehtp/geoinfo/service/AdminService.java:[162,35] cannot find symbol
[ERROR]   symbol:   method getProvince()
[ERROR]   location: variable incident of type ma.ehtp.geoinfo.entity.Incident
[ERROR] /C:/Users/atout/Desktop/3Ageoinfo/backend/src/main/java/ma/ehtp/geoinfo/service/AdminService.java:[163,35] cannot find symbol
[ERROR]   symbol:   method getPhotoUrl()
[ERROR]   location: variable incident of type ma.ehtp.geoinfo.entity.Incident
[ERROR] /C:/Users/atout/Desktop/3Ageoinfo/backend/src/main/java/ma/ehtp/geoinfo/service/AdminService.java:[164,42] cannot find symbol
[ERROR]   symbol:   method getDateDeclaration()
[ERROR]   location: variable incident of type ma.ehtp.geoinfo.entity.Incident
[ERROR] /C:/Users/atout/Desktop/3Ageoinfo/backend/src/main/java/ma/ehtp/geoinfo/service/AdminService.java:[165,33] cannot find symbol
[ERROR]   symbol:   method getStatut()
[ERROR]   location: variable incident of type ma.ehtp.geoinfo.entity.Incident
[ERROR] /C:/Users/atout/Desktop/3Ageoinfo/backend/src/main/java/ma/ehtp/geoinfo/service/AdminService.java:[166,36] cannot find symbol
[ERROR]   symbol:   method getSecteur()
[ERROR]   location: variable incident of type ma.ehtp.geoinfo.entity.Incident
[ERROR] /C:/Users/atout/Desktop/3Ageoinfo/backend/src/main/java/ma/ehtp/geoinfo/service/AdminService.java:[167,37] cannot find symbol
[ERROR]   symbol:   method getSecteur()
[ERROR]   location: variable incident of type ma.ehtp.geoinfo.entity.Incident
[ERROR] -> [Help 1]
[ERROR] 
[ERROR] To see the full stack trace of the errors, re-run Maven with the -e switch.
[ERROR] Re-run Maven using the -X switch to enable full debug logging.
[ERROR] 
[ERROR] For more information about the errors and possible solutions, please read the following articles:
[ERROR] [Help 1] http://cwiki.apache.org/confluence/display/MAVEN/MojoFailureException
